Release 13.4 - xst O.87xd (lin64)
Copyright (c) 1995-2011 Xilinx, Inc.  All rights reserved.
--> 
Parameter TMPDIR set to xst/projnav.tmp


Total REAL time to Xst completion: 0.00 secs
Total CPU time to Xst completion: 0.03 secs
 
--> 
Parameter xsthdpdir set to xst


Total REAL time to Xst completion: 0.00 secs
Total CPU time to Xst completion: 0.04 secs
 
--> 
Reading design: CacheController.prj

TABLE OF CONTENTS
  1) Synthesis Options Summary
  2) HDL Compilation
  3) Design Hierarchy Analysis
  4) HDL Analysis
  5) HDL Synthesis
     5.1) HDL Synthesis Report
  6) Advanced HDL Synthesis
     6.1) Advanced HDL Synthesis Report
  7) Low Level Synthesis
  8) Partition Report
  9) Final Report
	9.1) Device utilization summary
	9.2) Partition Resource Summary
	9.3) TIMING REPORT


=========================================================================
*                      Synthesis Options Summary                        *
=========================================================================
---- Source Parameters
Input File Name                    : "CacheController.prj"
Input Format                       : mixed
Ignore Synthesis Constraint File   : NO

---- Target Parameters
Output File Name                   : "CacheController"
Output Format                      : NGC
Target Device                      : xc3s500e-5-fg320

---- Source Options
Top Module Name                    : CacheController
Automatic FSM Extraction           : YES
FSM Encoding Algorithm             : Auto
Safe Implementation                : No
FSM Style                          : LUT
RAM Extraction                     : Yes
RAM Style                          : Auto
ROM Extraction                     : Yes
Mux Style                          : Auto
Decoder Extraction                 : YES
Priority Encoder Extraction        : Yes
Shift Register Extraction          : YES
Logical Shifter Extraction         : YES
XOR Collapsing                     : YES
ROM Style                          : Auto
Mux Extraction                     : Yes
Resource Sharing                   : YES
Asynchronous To Synchronous        : NO
Multiplier Style                   : Auto
Automatic Register Balancing       : No

---- Target Options
Add IO Buffers                     : YES
Global Maximum Fanout              : 500
Add Generic Clock Buffer(BUFG)     : 24
Register Duplication               : YES
Slice Packing                      : YES
Optimize Instantiated Primitives   : NO
Use Clock Enable                   : Yes
Use Synchronous Set                : Yes
Use Synchronous Reset              : Yes
Pack IO Registers into IOBs        : Auto
Equivalent register Removal        : YES

---- General Options
Optimization Goal                  : Speed
Optimization Effort                : 1
Keep Hierarchy                     : No
Netlist Hierarchy                  : As_Optimized
RTL Output                         : Yes
Global Optimization                : AllClockNets
Read Cores                         : NO
Write Timing Constraints           : NO
Cross Clock Analysis               : NO
Hierarchy Separator                : /
Bus Delimiter                      : <>
Case Specifier                     : Maintain
Slice Utilization Ratio            : 100
BRAM Utilization Ratio             : 100
Verilog 2001                       : YES
Auto BRAM Packing                  : NO
Slice Utilization Ratio Delta      : 5

=========================================================================


=========================================================================
*                          HDL Compilation                              *
=========================================================================
Compiling vhdl file "/home/student1/hnagy/Desktop/project1_COE758/CacheController/CacheController.vhd" in Library work.
Entity <cachecontroller> compiled.
Entity <cachecontroller> (Architecture <behavioral>) compiled.

=========================================================================
*                     Design Hierarchy Analysis                         *
=========================================================================
Analyzing hierarchy for entity <CacheController> in library <work> (architecture <behavioral>).


=========================================================================
*                            HDL Analysis                               *
=========================================================================
Analyzing Entity <CacheController> in library <work> (Architecture <behavioral>).
Entity <CacheController> analyzed. Unit <CacheController> generated.


=========================================================================
*                           HDL Synthesis                               *
=========================================================================

Performing bidirectional port resolution...

Synthesizing Unit <CacheController>.
    Related source file is "/home/student1/hnagy/Desktop/project1_COE758/CacheController/CacheController.vhd".
WARNING:Xst:646 - Signal <state> is assigned but never used. This unconnected signal will be trimmed during the optimization process.
WARNING:Xst:646 - Signal <sWen<0>> is assigned but never used. This unconnected signal will be trimmed during the optimization process.
WARNING:Xst:653 - Signal <sDout> is used but never assigned. This sourceless signal will be automatically connected to value 00000000.
WARNING:Xst:646 - Signal <offset> is assigned but never used. This unconnected signal will be trimmed during the optimization process.
WARNING:Xst:646 - Signal <TAGWen> is assigned but never used. This unconnected signal will be trimmed during the optimization process.
WARNING:Xst:646 - Signal <SDRAM_W_R> is assigned but never used. This unconnected signal will be trimmed during the optimization process.
WARNING:Xst:653 - Signal <SDRAM_Dout> is used but never assigned. This sourceless signal will be automatically connected to value 00000000.
WARNING:Xst:653 - Signal <CPU_W_R> is used but never assigned. This sourceless signal will be automatically connected to value 0.
WARNING:Xst:653 - Signal <CPU_Dout> is used but never assigned. This sourceless signal will be automatically connected to value 00000000.
WARNING:Xst:653 - Signal <CPU_CS> is used but never assigned. This sourceless signal will be automatically connected to value 0.
WARNING:Xst:653 - Signal <CPU_ADD> is used but never assigned. This sourceless signal will be automatically connected to value 0000000000000000.
    Found 8x8-bit single-port RAM <Mram_memtag> for signal <memtag>.
INFO:Xst:1799 - State state4 is never reached in FSM <state_current>.
INFO:Xst:1799 - State state0 is never reached in FSM <state_current>.
INFO:Xst:1799 - State state2 is never reached in FSM <state_current>.
INFO:Xst:1799 - State state1 is never reached in FSM <state_current>.
    Found finite state machine <FSM_0> for signal <state_current>.
    -----------------------------------------------------------------------
    | States             | 1                                              |
    | Transitions        | 1                                              |
    | Inputs             | 5                                              |
    | Outputs            | 3                                              |
    | Clock              | clk                       (rising_edge)        |
    | Power Up State     | state3                                         |
    | Encoding           | automatic                                      |
    | Implementation     | LUT                                            |
    -----------------------------------------------------------------------
    Found 32-bit register for signal <counter>.
    Found 32-bit adder for signal <counter$addsub0000> created at line 161.
    Found 8-bit register for signal <CPU_Din>.
    Found 1-bit register for signal <CPU_RDY>.
    Found 8-bit register for signal <cpu_tag>.
    Found 8-bit register for signal <Dbit>.
    Found 1-bit 8-to-1 multiplexer for signal <Dbit$mux0000> created at line 88.
    Found 3-bit register for signal <index>.
    Found 8-bit register for signal <sADD>.
    Found 8-bit register for signal <sDin>.
    Found 32-bit register for signal <sdoffset>.
    Found 32-bit adder for signal <sdoffset$addsub0000>.
    Found 16-bit register for signal <SDRAM_ADD>.
    Found 8-bit register for signal <SDRAM_Din>.
    Found 1-bit register for signal <SDRAM_MSTRB>.
    Found 8-bit comparator equal for signal <state_current$cmp_eq0000> created at line 81.
    Found 8-bit register for signal <Vbit>.
    Found 1-bit 8-to-1 multiplexer for signal <Vbit$mux0000> created at line 81.
    Summary:
	inferred   1 Finite State Machine(s).
	inferred   1 RAM(s).
	inferred 141 D-type flip-flop(s).
	inferred   2 Adder/Subtractor(s).
	inferred   1 Comparator(s).
	inferred   2 Multiplexer(s).
Unit <CacheController> synthesized.

INFO:Xst:1767 - HDL ADVISOR - Resource sharing has identified that some arithmetic operations in this design can share the same physical resources for reduced device utilization. For improved clock frequency you may try to disable resource sharing.

=========================================================================
HDL Synthesis Report

Macro Statistics
# RAMs                                                 : 1
 8x8-bit single-port RAM                               : 1
# Adders/Subtractors                                   : 2
 32-bit adder                                          : 2
# Registers                                            : 49
 1-bit register                                        : 42
 3-bit register                                        : 1
 32-bit register                                       : 2
 8-bit register                                        : 4
# Comparators                                          : 1
 8-bit comparator equal                                : 1
# Multiplexers                                         : 2
 1-bit 8-to-1 multiplexer                              : 2

=========================================================================

=========================================================================
*                       Advanced HDL Synthesis                          *
=========================================================================

Analyzing FSM <FSM_0> for best encoding.
Optimizing FSM <state_current/FSM> on signal <state_current[1:3]> with user encoding.
--------------------
 State  | Encoding
--------------------
 state0 | unreached
 state1 | unreached
 state2 | unreached
 state3 | 011
 state4 | unreached
--------------------
WARNING:Xst:1710 - FF/Latch <SDRAM_ADD_2> (without init value) has a constant value of 0 in block <CacheController>. This FF/Latch will be trimmed during the optimization process.
WARNING:Xst:1895 - Due to other FF/Latch trimming, FF/Latch <SDRAM_ADD_4> (without init value) has a constant value of 0 in block <CacheController>. This FF/Latch will be trimmed during the optimization process.
WARNING:Xst:1895 - Due to other FF/Latch trimming, FF/Latch <sADD_7> (without init value) has a constant value of 0 in block <CacheController>. This FF/Latch will be trimmed during the optimization process.
WARNING:Xst:1895 - Due to other FF/Latch trimming, FF/Latch <SDRAM_ADD_3> (without init value) has a constant value of 0 in block <CacheController>. This FF/Latch will be trimmed during the optimization process.
WARNING:Xst:1895 - Due to other FF/Latch trimming, FF/Latch <SDRAM_ADD_5> (without init value) has a constant value of 0 in block <CacheController>. This FF/Latch will be trimmed during the optimization process.
WARNING:Xst:1895 - Due to other FF/Latch trimming, FF/Latch <SDRAM_ADD_6> (without init value) has a constant value of 0 in block <CacheController>. This FF/Latch will be trimmed during the optimization process.
WARNING:Xst:1895 - Due to other FF/Latch trimming, FF/Latch <sDin_0> (without init value) has a constant value of 0 in block <CacheController>. This FF/Latch will be trimmed during the optimization process.
WARNING:Xst:1895 - Due to other FF/Latch trimming, FF/Latch <sDin_1> (without init value) has a constant value of 0 in block <CacheController>. This FF/Latch will be trimmed during the optimization process.
WARNING:Xst:1895 - Due to other FF/Latch trimming, FF/Latch <sDin_2> (without init value) has a constant value of 0 in block <CacheController>. This FF/Latch will be trimmed during the optimization process.
WARNING:Xst:1895 - Due to other FF/Latch trimming, FF/Latch <sDin_3> (without init value) has a constant value of 0 in block <CacheController>. This FF/Latch will be trimmed during the optimization process.
WARNING:Xst:1895 - Due to other FF/Latch trimming, FF/Latch <sDin_4> (without init value) has a constant value of 0 in block <CacheController>. This FF/Latch will be trimmed during the optimization process.
WARNING:Xst:1895 - Due to other FF/Latch trimming, FF/Latch <sDin_5> (without init value) has a constant value of 0 in block <CacheController>. This FF/Latch will be trimmed during the optimization process.
WARNING:Xst:1895 - Due to other FF/Latch trimming, FF/Latch <sDin_6> (without init value) has a constant value of 0 in block <CacheController>. This FF/Latch will be trimmed during the optimization process.
WARNING:Xst:1895 - Due to other FF/Latch trimming, FF/Latch <sDin_7> (without init value) has a constant value of 0 in block <CacheController>. This FF/Latch will be trimmed during the optimization process.
WARNING:Xst:1895 - Due to other FF/Latch trimming, FF/Latch <SDRAM_ADD_7> (without init value) has a constant value of 0 in block <CacheController>. This FF/Latch will be trimmed during the optimization process.
WARNING:Xst:1895 - Due to other FF/Latch trimming, FF/Latch <SDRAM_Din_0> (without init value) has a constant value of 0 in block <CacheController>. This FF/Latch will be trimmed during the optimization process.
WARNING:Xst:1895 - Due to other FF/Latch trimming, FF/Latch <SDRAM_Din_1> (without init value) has a constant value of 0 in block <CacheController>. This FF/Latch will be trimmed during the optimization process.
WARNING:Xst:1895 - Due to other FF/Latch trimming, FF/Latch <SDRAM_Din_2> (without init value) has a constant value of 0 in block <CacheController>. This FF/Latch will be trimmed during the optimization process.
WARNING:Xst:1895 - Due to other FF/Latch trimming, FF/Latch <SDRAM_Din_3> (without init value) has a constant value of 0 in block <CacheController>. This FF/Latch will be trimmed during the optimization process.
WARNING:Xst:1895 - Due to other FF/Latch trimming, FF/Latch <SDRAM_Din_4> (without init value) has a constant value of 0 in block <CacheController>. This FF/Latch will be trimmed during the optimization process.
WARNING:Xst:1895 - Due to other FF/Latch trimming, FF/Latch <SDRAM_Din_5> (without init value) has a constant value of 0 in block <CacheController>. This FF/Latch will be trimmed during the optimization process.
WARNING:Xst:1895 - Due to other FF/Latch trimming, FF/Latch <SDRAM_Din_6> (without init value) has a constant value of 0 in block <CacheController>. This FF/Latch will be trimmed during the optimization process.
WARNING:Xst:1895 - Due to other FF/Latch trimming, FF/Latch <SDRAM_Din_7> (without init value) has a constant value of 0 in block <CacheController>. This FF/Latch will be trimmed during the optimization process.
WARNING:Xst:1895 - Due to other FF/Latch trimming, FF/Latch <SDRAM_ADD_8> (without init value) has a constant value of 0 in block <CacheController>. This FF/Latch will be trimmed during the optimization process.
WARNING:Xst:1895 - Due to other FF/Latch trimming, FF/Latch <SDRAM_ADD_9> (without init value) has a constant value of 0 in block <CacheController>. This FF/Latch will be trimmed during the optimization process.
WARNING:Xst:1895 - Due to other FF/Latch trimming, FF/Latch <SDRAM_ADD_10> (without init value) has a constant value of 0 in block <CacheController>. This FF/Latch will be trimmed during the optimization process.
WARNING:Xst:1895 - Due to other FF/Latch trimming, FF/Latch <SDRAM_ADD_11> (without init value) has a constant value of 0 in block <CacheController>. This FF/Latch will be trimmed during the optimization process.
WARNING:Xst:1895 - Due to other FF/Latch trimming, FF/Latch <SDRAM_ADD_12> (without init value) has a constant value of 0 in block <CacheController>. This FF/Latch will be trimmed during the optimization process.
WARNING:Xst:1895 - Due to other FF/Latch trimming, FF/Latch <CPU_RDY> (without init value) has a constant value of 1 in block <CacheController>. This FF/Latch will be trimmed during the optimization process.
WARNING:Xst:1895 - Due to other FF/Latch trimming, FF/Latch <SDRAM_ADD_13> (without init value) has a constant value of 0 in block <CacheController>. This FF/Latch will be trimmed during the optimization process.
WARNING:Xst:1895 - Due to other FF/Latch trimming, FF/Latch <SDRAM_ADD_14> (without init value) has a constant value of 0 in block <CacheController>. This FF/Latch will be trimmed during the optimization process.
WARNING:Xst:1895 - Due to other FF/Latch trimming, FF/Latch <SDRAM_ADD_15> (without init value) has a constant value of 0 in block <CacheController>. This FF/Latch will be trimmed during the optimization process.
WARNING:Xst:1895 - Due to other FF/Latch trimming, FF/Latch <sADD_0> (without init value) has a constant value of 0 in block <CacheController>. This FF/Latch will be trimmed during the optimization process.
WARNING:Xst:1895 - Due to other FF/Latch trimming, FF/Latch <sADD_1> (without init value) has a constant value of 0 in block <CacheController>. This FF/Latch will be trimmed during the optimization process.
WARNING:Xst:1895 - Due to other FF/Latch trimming, FF/Latch <sADD_2> (without init value) has a constant value of 0 in block <CacheController>. This FF/Latch will be trimmed during the optimization process.
WARNING:Xst:1895 - Due to other FF/Latch trimming, FF/Latch <sADD_3> (without init value) has a constant value of 0 in block <CacheController>. This FF/Latch will be trimmed during the optimization process.
WARNING:Xst:1895 - Due to other FF/Latch trimming, FF/Latch <sADD_4> (without init value) has a constant value of 0 in block <CacheController>. This FF/Latch will be trimmed during the optimization process.
WARNING:Xst:1895 - Due to other FF/Latch trimming, FF/Latch <sADD_6> (without init value) has a constant value of 0 in block <CacheController>. This FF/Latch will be trimmed during the optimization process.
WARNING:Xst:1895 - Due to other FF/Latch trimming, FF/Latch <sADD_5> (without init value) has a constant value of 0 in block <CacheController>. This FF/Latch will be trimmed during the optimization process.
WARNING:Xst:1895 - Due to other FF/Latch trimming, FF/Latch <SDRAM_ADD_0> (without init value) has a constant value of 0 in block <CacheController>. This FF/Latch will be trimmed during the optimization process.
WARNING:Xst:1895 - Due to other FF/Latch trimming, FF/Latch <SDRAM_ADD_1> (without init value) has a constant value of 0 in block <CacheController>. This FF/Latch will be trimmed during the optimization process.
WARNING:Xst:1895 - Due to other FF/Latch trimming, FF/Latch <SDRAM_MSTRB> (without init value) has a constant value of 0 in block <CacheController>. This FF/Latch will be trimmed during the optimization process.
WARNING:Xst:1895 - Due to other FF/Latch trimming, FF/Latch <CPU_Din_0> (without init value) has a constant value of 0 in block <CacheController>. This FF/Latch will be trimmed during the optimization process.
WARNING:Xst:1895 - Due to other FF/Latch trimming, FF/Latch <CPU_Din_1> (without init value) has a constant value of 0 in block <CacheController>. This FF/Latch will be trimmed during the optimization process.
WARNING:Xst:1895 - Due to other FF/Latch trimming, FF/Latch <CPU_Din_2> (without init value) has a constant value of 0 in block <CacheController>. This FF/Latch will be trimmed during the optimization process.
WARNING:Xst:1895 - Due to other FF/Latch trimming, FF/Latch <CPU_Din_3> (without init value) has a constant value of 0 in block <CacheController>. This FF/Latch will be trimmed during the optimization process.
WARNING:Xst:1895 - Due to other FF/Latch trimming, FF/Latch <CPU_Din_4> (without init value) has a constant value of 0 in block <CacheController>. This FF/Latch will be trimmed during the optimization process.
WARNING:Xst:1895 - Due to other FF/Latch trimming, FF/Latch <CPU_Din_5> (without init value) has a constant value of 0 in block <CacheController>. This FF/Latch will be trimmed during the optimization process.
WARNING:Xst:1895 - Due to other FF/Latch trimming, FF/Latch <CPU_Din_6> (without init value) has a constant value of 0 in block <CacheController>. This FF/Latch will be trimmed during the optimization process.
WARNING:Xst:1895 - Due to other FF/Latch trimming, FF/Latch <CPU_Din_7> (without init value) has a constant value of 0 in block <CacheController>. This FF/Latch will be trimmed during the optimization process.
WARNING:Xst:2404 -  FFs/Latches <CPU_Din<7:0>> (without init value) have a constant value of 0 in block <CacheController>.
WARNING:Xst:2404 -  FFs/Latches <index<2:0>> (without init value) have a constant value of 0 in block <CacheController>.
WARNING:Xst:2404 -  FFs/Latches <cpu_tag<7:0>> (without init value) have a constant value of 0 in block <CacheController>.
WARNING:Xst:2404 -  FFs/Latches <SDRAM_Din<7:0>> (without init value) have a constant value of 0 in block <CacheController>.

Synthesizing (advanced) Unit <CacheController>.
INFO:Xst:3218 - HDL ADVISOR - The RAM <Mram_memtag> will be implemented on LUTs either because you have described an asynchronous read or because of currently unsupported block RAM features. If you have described an asynchronous read, making it synchronous would allow you to take advantage of available block RAM resources, for optimized device usage and improved timings. Please refer to your documentation for coding guidelines.
    -----------------------------------------------------------------------
    | ram_type           | Distributed                         |          |
    -----------------------------------------------------------------------
    | Port A                                                              |
    |     aspect ratio   | 8-word x 8-bit                      |          |
    |     clkA           | connected to signal <clk>           | rise     |
    |     weA            | connected to signal <GND>           | high     |
    |     addrA          | connected to signal <GND>           |          |
    |     diA            | connected to signal <GND>           |          |
    |     doA            | connected to internal node          |          |
    -----------------------------------------------------------------------
Unit <CacheController> synthesized (advanced).

=========================================================================
Advanced HDL Synthesis Report

Macro Statistics
# FSMs                                                 : 1
# RAMs                                                 : 1
 8x8-bit single-port distributed RAM                   : 1
# Registers                                            : 82
 Flip-Flops                                            : 82
# Comparators                                          : 1
 8-bit comparator equal                                : 1
# Multiplexers                                         : 2
 1-bit 8-to-1 multiplexer                              : 2

=========================================================================

=========================================================================
*                         Low Level Synthesis                           *
=========================================================================
WARNING:Xst:1710 - FF/Latch <sDin_0> (without init value) has a constant value of 0 in block <CacheController>. This FF/Latch will be trimmed during the optimization process.
WARNING:Xst:1896 - Due to other FF/Latch trimming, FF/Latch <Dbit_5> has a constant value of 0 in block <CacheController>. This FF/Latch will be trimmed during the optimization process.
WARNING:Xst:1895 - Due to other FF/Latch trimming, FF/Latch <SDRAM_ADD_6> (without init value) has a constant value of 0 in block <CacheController>. This FF/Latch will be trimmed during the optimization process.
WARNING:Xst:1896 - Due to other FF/Latch trimming, FF/Latch <Dbit_3> has a constant value of 0 in block <CacheController>. This FF/Latch will be trimmed during the optimization process.
WARNING:Xst:1896 - Due to other FF/Latch trimming, FF/Latch <Dbit_4> has a constant value of 0 in block <CacheController>. This FF/Latch will be trimmed during the optimization process.
WARNING:Xst:1895 - Due to other FF/Latch trimming, FF/Latch <SDRAM_ADD_5> (without init value) has a constant value of 0 in block <CacheController>. This FF/Latch will be trimmed during the optimization process.
WARNING:Xst:1895 - Due to other FF/Latch trimming, FF/Latch <SDRAM_ADD_4> (without init value) has a constant value of 0 in block <CacheController>. This FF/Latch will be trimmed during the optimization process.
WARNING:Xst:1896 - Due to other FF/Latch trimming, FF/Latch <counter_31> has a constant value of 0 in block <CacheController>. This FF/Latch will be trimmed during the optimization process.
WARNING:Xst:1896 - Due to other FF/Latch trimming, FF/Latch <counter_30> has a constant value of 0 in block <CacheController>. This FF/Latch will be trimmed during the optimization process.
WARNING:Xst:1896 - Due to other FF/Latch trimming, FF/Latch <counter_29> has a constant value of 0 in block <CacheController>. This FF/Latch will be trimmed during the optimization process.
WARNING:Xst:1896 - Due to other FF/Latch trimming, FF/Latch <counter_28> has a constant value of 0 in block <CacheController>. This FF/Latch will be trimmed during the optimization process.
WARNING:Xst:1896 - Due to other FF/Latch trimming, FF/Latch <counter_27> has a constant value of 0 in block <CacheController>. This FF/Latch will be trimmed during the optimization process.
WARNING:Xst:1896 - Due to other FF/Latch trimming, FF/Latch <counter_26> has a constant value of 0 in block <CacheController>. This FF/Latch will be trimmed during the optimization process.
WARNING:Xst:1896 - Due to other FF/Latch trimming, FF/Latch <counter_25> has a constant value of 0 in block <CacheController>. This FF/Latch will be trimmed during the optimization process.
WARNING:Xst:1896 - Due to other FF/Latch trimming, FF/Latch <counter_24> has a constant value of 0 in block <CacheController>. This FF/Latch will be trimmed during the optimization process.
WARNING:Xst:1896 - Due to other FF/Latch trimming, FF/Latch <counter_23> has a constant value of 0 in block <CacheController>. This FF/Latch will be trimmed during the optimization process.
WARNING:Xst:1896 - Due to other FF/Latch trimming, FF/Latch <counter_22> has a constant value of 0 in block <CacheController>. This FF/Latch will be trimmed during the optimization process.
WARNING:Xst:1896 - Due to other FF/Latch trimming, FF/Latch <counter_21> has a constant value of 0 in block <CacheController>. This FF/Latch will be trimmed during the optimization process.
WARNING:Xst:1896 - Due to other FF/Latch trimming, FF/Latch <counter_20> has a constant value of 0 in block <CacheController>. This FF/Latch will be trimmed during the optimization process.
WARNING:Xst:1896 - Due to other FF/Latch trimming, FF/Latch <counter_19> has a constant value of 0 in block <CacheController>. This FF/Latch will be trimmed during the optimization process.
WARNING:Xst:1896 - Due to other FF/Latch trimming, FF/Latch <Vbit_6> has a constant value of 0 in block <CacheController>. This FF/Latch will be trimmed during the optimization process.
WARNING:Xst:1896 - Due to other FF/Latch trimming, FF/Latch <Vbit_5> has a constant value of 0 in block <CacheController>. This FF/Latch will be trimmed during the optimization process.
WARNING:Xst:1896 - Due to other FF/Latch trimming, FF/Latch <Vbit_7> has a constant value of 0 in block <CacheController>. This FF/Latch will be trimmed during the optimization process.
WARNING:Xst:1896 - Due to other FF/Latch trimming, FF/Latch <Vbit_3> has a constant value of 0 in block <CacheController>. This FF/Latch will be trimmed during the optimization process.
WARNING:Xst:1896 - Due to other FF/Latch trimming, FF/Latch <Vbit_2> has a constant value of 0 in block <CacheController>. This FF/Latch will be trimmed during the optimization process.
WARNING:Xst:1896 - Due to other FF/Latch trimming, FF/Latch <Vbit_4> has a constant value of 0 in block <CacheController>. This FF/Latch will be trimmed during the optimization process.
WARNING:Xst:1896 - Due to other FF/Latch trimming, FF/Latch <Vbit_0> has a constant value of 0 in block <CacheController>. This FF/Latch will be trimmed during the optimization process.
WARNING:Xst:1896 - Due to other FF/Latch trimming, FF/Latch <Dbit_7> has a constant value of 0 in block <CacheController>. This FF/Latch will be trimmed during the optimization process.
WARNING:Xst:1896 - Due to other FF/Latch trimming, FF/Latch <Vbit_1> has a constant value of 0 in block <CacheController>. This FF/Latch will be trimmed during the optimization process.
WARNING:Xst:1896 - Due to other FF/Latch trimming, FF/Latch <Dbit_6> has a constant value of 0 in block <CacheController>. This FF/Latch will be trimmed during the optimization process.
WARNING:Xst:1895 - Due to other FF/Latch trimming, FF/Latch <SDRAM_ADD_8> (without init value) has a constant value of 0 in block <CacheController>. This FF/Latch will be trimmed during the optimization process.
WARNING:Xst:1895 - Due to other FF/Latch trimming, FF/Latch <SDRAM_ADD_9> (without init value) has a constant value of 0 in block <CacheController>. This FF/Latch will be trimmed during the optimization process.
WARNING:Xst:1895 - Due to other FF/Latch trimming, FF/Latch <SDRAM_ADD_7> (without init value) has a constant value of 0 in block <CacheController>. This FF/Latch will be trimmed during the optimization process.
WARNING:Xst:1895 - Due to other FF/Latch trimming, FF/Latch <sDin_7> (without init value) has a constant value of 0 in block <CacheController>. This FF/Latch will be trimmed during the optimization process.
WARNING:Xst:1895 - Due to other FF/Latch trimming, FF/Latch <sDin_6> (without init value) has a constant value of 0 in block <CacheController>. This FF/Latch will be trimmed during the optimization process.
WARNING:Xst:1895 - Due to other FF/Latch trimming, FF/Latch <sDin_5> (without init value) has a constant value of 0 in block <CacheController>. This FF/Latch will be trimmed during the optimization process.
WARNING:Xst:1895 - Due to other FF/Latch trimming, FF/Latch <sDin_4> (without init value) has a constant value of 0 in block <CacheController>. This FF/Latch will be trimmed during the optimization process.
WARNING:Xst:1895 - Due to other FF/Latch trimming, FF/Latch <sDin_3> (without init value) has a constant value of 0 in block <CacheController>. This FF/Latch will be trimmed during the optimization process.
WARNING:Xst:1895 - Due to other FF/Latch trimming, FF/Latch <sDin_2> (without init value) has a constant value of 0 in block <CacheController>. This FF/Latch will be trimmed during the optimization process.
WARNING:Xst:1895 - Due to other FF/Latch trimming, FF/Latch <sDin_1> (without init value) has a constant value of 0 in block <CacheController>. This FF/Latch will be trimmed during the optimization process.
WARNING:Xst:1896 - Due to other FF/Latch trimming, FF/Latch <Dbit_2> has a constant value of 0 in block <CacheController>. This FF/Latch will be trimmed during the optimization process.
WARNING:Xst:1896 - Due to other FF/Latch trimming, FF/Latch <Dbit_0> has a constant value of 0 in block <CacheController>. This FF/Latch will be trimmed during the optimization process.
WARNING:Xst:1895 - Due to other FF/Latch trimming, FF/Latch <SDRAM_ADD_2> (without init value) has a constant value of 0 in block <CacheController>. This FF/Latch will be trimmed during the optimization process.
WARNING:Xst:1895 - Due to other FF/Latch trimming, FF/Latch <sADD_7> (without init value) has a constant value of 0 in block <CacheController>. This FF/Latch will be trimmed during the optimization process.
WARNING:Xst:1895 - Due to other FF/Latch trimming, FF/Latch <SDRAM_ADD_1> (without init value) has a constant value of 0 in block <CacheController>. This FF/Latch will be trimmed during the optimization process.
WARNING:Xst:1895 - Due to other FF/Latch trimming, FF/Latch <sADD_6> (without init value) has a constant value of 0 in block <CacheController>. This FF/Latch will be trimmed during the optimization process.
WARNING:Xst:1895 - Due to other FF/Latch trimming, FF/Latch <SDRAM_MSTRB> (without init value) has a constant value of 0 in block <CacheController>. This FF/Latch will be trimmed during the optimization process.
WARNING:Xst:1895 - Due to other FF/Latch trimming, FF/Latch <sADD_5> (without init value) has a constant value of 0 in block <CacheController>. This FF/Latch will be trimmed during the optimization process.
WARNING:Xst:1895 - Due to other FF/Latch trimming, FF/Latch <sADD_4> (without init value) has a constant value of 0 in block <CacheController>. This FF/Latch will be trimmed during the optimization process.
WARNING:Xst:1895 - Due to other FF/Latch trimming, FF/Latch <SDRAM_ADD_0> (without init value) has a constant value of 0 in block <CacheController>. This FF/Latch will be trimmed during the optimization process.
WARNING:Xst:1895 - Due to other FF/Latch trimming, FF/Latch <sADD_2> (without init value) has a constant value of 0 in block <CacheController>. This FF/Latch will be trimmed during the optimization process.
WARNING:Xst:1895 - Due to other FF/Latch trimming, FF/Latch <sADD_1> (without init value) has a constant value of 0 in block <CacheController>. This FF/Latch will be trimmed during the optimization process.
WARNING:Xst:1895 - Due to other FF/Latch trimming, FF/Latch <sADD_3> (without init value) has a constant value of 0 in block <CacheController>. This FF/Latch will be trimmed during the optimization process.
WARNING:Xst:1895 - Due to other FF/Latch trimming, FF/Latch <SDRAM_ADD_15> (without init value) has a constant value of 0 in block <CacheController>. This FF/Latch will be trimmed during the optimization process.
WARNING:Xst:1895 - Due to other FF/Latch trimming, FF/Latch <SDRAM_ADD_14> (without init value) has a constant value of 0 in block <CacheController>. This FF/Latch will be trimmed during the optimization process.
WARNING:Xst:1895 - Due to other FF/Latch trimming, FF/Latch <sADD_0> (without init value) has a constant value of 0 in block <CacheController>. This FF/Latch will be trimmed during the optimization process.
WARNING:Xst:1895 - Due to other FF/Latch trimming, FF/Latch <SDRAM_ADD_12> (without init value) has a constant value of 0 in block <CacheController>. This FF/Latch will be trimmed during the optimization process.
WARNING:Xst:1895 - Due to other FF/Latch trimming, FF/Latch <SDRAM_ADD_13> (without init value) has a constant value of 0 in block <CacheController>. This FF/Latch will be trimmed during the optimization process.
WARNING:Xst:1895 - Due to other FF/Latch trimming, FF/Latch <SDRAM_ADD_11> (without init value) has a constant value of 0 in block <CacheController>. This FF/Latch will be trimmed during the optimization process.
WARNING:Xst:1895 - Due to other FF/Latch trimming, FF/Latch <SDRAM_ADD_10> (without init value) has a constant value of 0 in block <CacheController>. This FF/Latch will be trimmed during the optimization process.
WARNING:Xst:1896 - Due to other FF/Latch trimming, FF/Latch <counter_18> has a constant value of 0 in block <CacheController>. This FF/Latch will be trimmed during the optimization process.
WARNING:Xst:1896 - Due to other FF/Latch trimming, FF/Latch <counter_17> has a constant value of 0 in block <CacheController>. This FF/Latch will be trimmed during the optimization process.
WARNING:Xst:1896 - Due to other FF/Latch trimming, FF/Latch <counter_16> has a constant value of 0 in block <CacheController>. This FF/Latch will be trimmed during the optimization process.
WARNING:Xst:1896 - Due to other FF/Latch trimming, FF/Latch <counter_15> has a constant value of 0 in block <CacheController>. This FF/Latch will be trimmed during the optimization process.
WARNING:Xst:1896 - Due to other FF/Latch trimming, FF/Latch <counter_14> has a constant value of 0 in block <CacheController>. This FF/Latch will be trimmed during the optimization process.
WARNING:Xst:1896 - Due to other FF/Latch trimming, FF/Latch <counter_13> has a constant value of 0 in block <CacheController>. This FF/Latch will be trimmed during the optimization process.
WARNING:Xst:1896 - Due to other FF/Latch trimming, FF/Latch <counter_12> has a constant value of 0 in block <CacheController>. This FF/Latch will be trimmed during the optimization process.
WARNING:Xst:1896 - Due to other FF/Latch trimming, FF/Latch <counter_11> has a constant value of 0 in block <CacheController>. This FF/Latch will be trimmed during the optimization process.
WARNING:Xst:1896 - Due to other FF/Latch trimming, FF/Latch <counter_10> has a constant value of 0 in block <CacheController>. This FF/Latch will be trimmed during the optimization process.
WARNING:Xst:1896 - Due to other FF/Latch trimming, FF/Latch <counter_9> has a constant value of 0 in block <CacheController>. This FF/Latch will be trimmed during the optimization process.
WARNING:Xst:1896 - Due to other FF/Latch trimming, FF/Latch <counter_8> has a constant value of 0 in block <CacheController>. This FF/Latch will be trimmed during the optimization process.
WARNING:Xst:1896 - Due to other FF/Latch trimming, FF/Latch <counter_7> has a constant value of 0 in block <CacheController>. This FF/Latch will be trimmed during the optimization process.
WARNING:Xst:1896 - Due to other FF/Latch trimming, FF/Latch <counter_6> has a constant value of 0 in block <CacheController>. This FF/Latch will be trimmed during the optimization process.
WARNING:Xst:1896 - Due to other FF/Latch trimming, FF/Latch <counter_5> has a constant value of 0 in block <CacheController>. This FF/Latch will be trimmed during the optimization process.
WARNING:Xst:1896 - Due to other FF/Latch trimming, FF/Latch <counter_4> has a constant value of 0 in block <CacheController>. This FF/Latch will be trimmed during the optimization process.
WARNING:Xst:1896 - Due to other FF/Latch trimming, FF/Latch <counter_3> has a constant value of 0 in block <CacheController>. This FF/Latch will be trimmed during the optimization process.
WARNING:Xst:1896 - Due to other FF/Latch trimming, FF/Latch <counter_2> has a constant value of 0 in block <CacheController>. This FF/Latch will be trimmed during the optimization process.
WARNING:Xst:1896 - Due to other FF/Latch trimming, FF/Latch <counter_1> has a constant value of 0 in block <CacheController>. This FF/Latch will be trimmed during the optimization process.
WARNING:Xst:1896 - Due to other FF/Latch trimming, FF/Latch <counter_0> has a constant value of 0 in block <CacheController>. This FF/Latch will be trimmed during the optimization process.
WARNING:Xst:1895 - Due to other FF/Latch trimming, FF/Latch <SDRAM_ADD_3> (without init value) has a constant value of 0 in block <CacheController>. This FF/Latch will be trimmed during the optimization process.
WARNING:Xst:1896 - Due to other FF/Latch trimming, FF/Latch <Dbit_1> has a constant value of 0 in block <CacheController>. This FF/Latch will be trimmed during the optimization process.
WARNING:Xst:1710 - FF/Latch <CPU_RDY> (without init value) has a constant value of 1 in block <CacheController>. This FF/Latch will be trimmed during the optimization process.

Optimizing unit <CacheController> ...

Mapping all equations...
Building and optimizing final netlist ...
Found area constraint ratio of 100 (+ 5) on block CacheController, actual ratio is 0.

Final Macro Processing ...

=========================================================================
Final Register Report

Found no macro
=========================================================================

=========================================================================
*                           Partition Report                            *
=========================================================================

Partition Implementation Status
-------------------------------

  No Partitions were found in this design.

-------------------------------

=========================================================================
*                            Final Report                               *
=========================================================================
Final Results
RTL Top Level Output File Name     : CacheController.ngr
Top Level Output File Name         : CacheController
Output Format                      : NGC
Optimization Goal                  : Speed
Keep Hierarchy                     : No

Design Statistics
# IOs                              : 93

Cell Usage :
# BELS                             : 2
#      GND                         : 1
#      VCC                         : 1
# IO Buffers                       : 92
#      OBUF                        : 92
=========================================================================

Device utilization summary:
---------------------------

Selected Device : 3s500efg320-5 

 Number of Slices:                        0  out of   4656     0%  
 Number of IOs:                          93
 Number of bonded IOBs:                  92  out of    232    39%  

---------------------------
Partition Resource Summary:
---------------------------

  No Partitions were found in this design.

---------------------------


=========================================================================
TIMING REPORT

NOTE: THESE TIMING NUMBERS ARE ONLY A SYNTHESIS ESTIMATE.
      FOR ACCURATE TIMING INFORMATION PLEASE REFER TO THE TRACE REPORT
      GENERATED AFTER PLACE-and-ROUTE.

Clock Information:
------------------
No clock signals found in this design

Asynchronous Control Signals Information:
----------------------------------------
No asynchronous control signals found in this design

Timing Summary:
---------------
Speed Grade: -5

   Minimum period: No path found
   Minimum input arrival time before clock: No path found
   Maximum output required time after clock: No path found
   Maximum combinational path delay: No path found

Timing Detail:
--------------
All values displayed in nanoseconds (ns)

=========================================================================


Total REAL time to Xst completion: 3.00 secs
Total CPU time to Xst completion: 2.58 secs
 
--> 


Total memory usage is 744724 kilobytes

Number of errors   :    0 (   0 filtered)
Number of warnings :  147 (   0 filtered)
Number of infos    :    6 (   0 filtered)

