V3 15
FL /home/student1/aelgohar/coe758/project_2.1/pong_project/pong_game.vhd 2024/11/11.16:48:29 O.87xd
FL /home/student1/aelgohar/coe758/project_2/pong_project/ipcore_dir/icon.vhd 2024/11/18.17:59:56 O.87xd
FL /home/student1/aelgohar/coe758/project_2/pong_project/ipcore_dir/ila.vhd 2024/11/18.17:56:15 O.87xd
FL /home/student1/aelgohar/coe758/project_2/pong_project/pong_game.vhd 2024/11/19.00:06:23 O.87xd
FL /home/student1/hnagy/Desktop/coe758_project2/project_2/pong_project/ipcore_dir/icon.vhd 2024/11/18.17:59:56 O.87xd
EN work/icon 1763245890 \
      FL /home/student1/hnagy/Desktop/coe758_project2/project_2/pong_project/ipcore_dir/icon.vhd \
      PB ieee/std_logic_1164 1325952872
AR work/icon/icon_a 1763245891 \
      FL /home/student1/hnagy/Desktop/coe758_project2/project_2/pong_project/ipcore_dir/icon.vhd \
      EN work/icon 1763245890
FL /home/student1/hnagy/Desktop/coe758_project2/project_2/pong_project/ipcore_dir/ila.vhd 2024/11/18.17:56:15 O.87xd
EN work/ila 1763245892 \
      FL /home/student1/hnagy/Desktop/coe758_project2/project_2/pong_project/ipcore_dir/ila.vhd \
      PB ieee/std_logic_1164 1325952872
AR work/ila/ila_a 1763245893 \
      FL /home/student1/hnagy/Desktop/coe758_project2/project_2/pong_project/ipcore_dir/ila.vhd \
      EN work/ila 1763245892
FL /home/student1/hnagy/Desktop/coe758_project2/project_2/pong_project/pong_game.vhd 2025/11/13.15:48:07 O.87xd
EN work/pong_game 1763245894 \
      FL /home/student1/hnagy/Desktop/coe758_project2/project_2/pong_project/pong_game.vhd \
      PB ieee/std_logic_1164 1325952872 PB ieee/std_logic_arith 1325952873 \
      PB ieee/STD_LOGIC_UNSIGNED 1325952875 PB ieee/NUMERIC_STD 1325952877
AR work/pong_game/Behavioral 1763245895 \
      FL /home/student1/hnagy/Desktop/coe758_project2/project_2/pong_project/pong_game.vhd \
      EN work/pong_game 1763245894 CP icon CP ila
